{
  "Data": {
    "test": {
      "name": "Test name",
      "description": "Test description"
    }
  },
  "Extensions": {},
  "Errors": [],
  "ContextData": {}
}
