{
  "Data": {
    "timeSeriesPeriode": {
      "from": "2020-08-12T08:21:19.000Z",
      "to": "2020-08-17T12:47:21.000Z"
    }
  },
  "Extensions": {},
  "Errors": [],
  "ContextData": {}
}
