{
  "Data": {
    "timeSeriesPeriode": {
      "from": "2020-08-25T22:42:18.828+02:00",
      "to": "2020-08-26T00:42:18.328+02:00"
    }
  },
  "Extensions": {},
  "Errors": [],
  "ContextData": {}
}
