{
  "Data": {
    "timeSeries": null
  },
  "Extensions": {},
  "Errors": [
    {
      "Message": "Unexpected Execution Error",
      "Code": null,
      "Path": [
        "timeSeries"
      ],
      "Locations": [
        {
          "Line": 2,
          "Column": 31
        }
      ],
      "Exception": {
        "ClassName": "System.AggregateException",
        "Message": "One or more errors occurred.",
        "Data": null,
        "InnerException": {
          "ClassName": "HotChocolate.Execution.QueryException",
          "Message": "No data.",
          "Data": null,
          "InnerException": null,
          "HelpURL": null,
          "StackTraceString": "   at src.Database.FishFarmRepository.GetTimeSeries(String tableName, String queryString) in C:\\Users\\Emanuele Caprioli\\Desktop\\kundestyrt\\CustomerDrivenProject\\backend\\src\\Database\\FishFarmRepository.cs:line 88",
          "RemoteStackTraceString": null,
          "RemoteStackIndex": 0,
          "ExceptionMethod": null,
          "HResult": -2146233088,
          "Source": "src",
          "WatsonBuckets": null
        },
        "HelpURL": null,
        "StackTraceString": "   at System.Threading.Tasks.Task.ThrowIfExceptional(Boolean includeTaskCanceledExceptions)\n   at System.Threading.Tasks.Task`1.GetResultCore(Boolean waitCompletionNotification)\n   at System.Threading.Tasks.Task`1.get_Result()\n   at src.Api.Queries.TimeSeriesQuery.GetTimeSeries(TimeSeriesRequestInput input, IFishFarmRepository repo) in C:\\Users\\Emanuele Caprioli\\Desktop\\kundestyrt\\CustomerDrivenProject\\backend\\src\\Api\\Queries\\TimeSeriesQuery.cs:line 58\n   at lambda_method(Closure , IResolverContext )\n   at HotChocolate.Types.FieldMiddlewareCompiler.<>c__DisplayClass3_0.<<CreateResolverMiddleware>b__0>d.MoveNext()\n--- End of stack trace from previous location where exception was thrown ---\n   at HotChocolate.Execution.ExecutionStrategyBase.ExecuteMiddlewareAsync(ResolverContext resolverContext, IErrorHandler errorHandler)",
        "RemoteStackTraceString": null,
        "RemoteStackIndex": 0,
        "ExceptionMethod": null,
        "HResult": -2146233088,
        "Source": "System.Private.CoreLib",
        "WatsonBuckets": null,
        "InnerExceptions": [
          {
            "ClassName": "HotChocolate.Execution.QueryException",
            "Message": "No data.",
            "Data": null,
            "InnerException": null,
            "HelpURL": null,
            "StackTraceString": "   at src.Database.FishFarmRepository.GetTimeSeries(String tableName, String queryString) in C:\\Users\\Emanuele Caprioli\\Desktop\\kundestyrt\\CustomerDrivenProject\\backend\\src\\Database\\FishFarmRepository.cs:line 88",
            "RemoteStackTraceString": null,
            "RemoteStackIndex": 0,
            "ExceptionMethod": null,
            "HResult": -2146233088,
            "Source": "src",
            "WatsonBuckets": null
          }
        ]
      },
      "Extensions": {}
    }
  ],
  "ContextData": {}
}
